# Generated by stackpanel - edits will be overwritten
Hello from stackpanel!
